// Jest Snapshot v1, https://goo.gl/fbAQLP

exports[`Load LastScreen should renders correctly 1`] = `
<View
  style={
    Array [
      Object {
        "width": "100%",
      },
      undefined,
    ]
  }
>
  <View
    style={
      Array [
        Object {
          "borderBottomWidth": 1,
          "flexDirection": "row",
          "height": 48,
          "paddingHorizontal": 16,
        },
        Object {
          "borderBottomColor": "rgba(0, 0, 0, 0.12)",
        },
        undefined,
      ]
    }
  >
    <View
      accessible={true}
      focusable={false}
      onClick={[Function]}
      onResponderGrant={[Function]}
      onResponderMove={[Function]}
      onResponderRelease={[Function]}
      onResponderTerminate={[Function]}
      onResponderTerminationRequest={[Function]}
      onStartShouldSetResponder={[Function]}
      style={
        Array [
          Object {
            "alignContent": "center",
            "flex": 1,
            "flexDirection": "row",
            "paddingVertical": 12,
          },
          undefined,
          Object {
            "flex": 1.3,
          },
        ]
      }
    >
      <Text
        numberOfLines={1}
        style={
          Array [
            Object {
              "color": "#000000",
              "fontFamily": "System",
              "fontWeight": "400",
            },
            Object {
              "textAlign": "left",
            },
            Array [
              Object {
                "alignItems": "center",
                "fontSize": 12,
                "fontWeight": "500",
                "height": 24,
                "lineHeight": 24,
              },
              Object {
                "color": "rgba(0, 0, 0, 0.6)",
              },
            ],
          ]
        }
      >
        Activity
      </Text>
    </View>
    <View
      accessible={true}
      focusable={false}
      onClick={[Function]}
      onResponderGrant={[Function]}
      onResponderMove={[Function]}
      onResponderRelease={[Function]}
      onResponderTerminate={[Function]}
      onResponderTerminationRequest={[Function]}
      onStartShouldSetResponder={[Function]}
      style={
        Array [
          Object {
            "alignContent": "center",
            "flex": 1,
            "flexDirection": "row",
            "paddingVertical": 12,
          },
          Object {
            "justifyContent": "flex-end",
          },
          undefined,
        ]
      }
    >
      <Text
        numberOfLines={1}
        style={
          Array [
            Object {
              "color": "#000000",
              "fontFamily": "System",
              "fontWeight": "400",
            },
            Object {
              "textAlign": "left",
            },
            Array [
              Object {
                "alignItems": "center",
                "fontSize": 12,
                "fontWeight": "500",
                "height": 24,
                "lineHeight": 24,
              },
              Object {
                "color": "rgba(0, 0, 0, 0.6)",
              },
            ],
          ]
        }
      >
        Number
      </Text>
    </View>
    <View
      accessible={true}
      focusable={false}
      onClick={[Function]}
      onResponderGrant={[Function]}
      onResponderMove={[Function]}
      onResponderRelease={[Function]}
      onResponderTerminate={[Function]}
      onResponderTerminationRequest={[Function]}
      onStartShouldSetResponder={[Function]}
      style={
        Array [
          Object {
            "alignContent": "center",
            "flex": 1,
            "flexDirection": "row",
            "paddingVertical": 12,
          },
          Object {
            "justifyContent": "flex-end",
          },
          undefined,
        ]
      }
    >
      <Text
        numberOfLines={1}
        style={
          Array [
            Object {
              "color": "#000000",
              "fontFamily": "System",
              "fontWeight": "400",
            },
            Object {
              "textAlign": "left",
            },
            Array [
              Object {
                "alignItems": "center",
                "fontSize": 12,
                "fontWeight": "500",
                "height": 24,
                "lineHeight": 24,
              },
              Object {
                "color": "rgba(0, 0, 0, 0.6)",
              },
            ],
          ]
        }
      >
        date
      </Text>
    </View>
  </View>
</View>
`;
