// Jest Snapshot v1, https://goo.gl/fbAQLP

exports[`Load NewActivityScreen should renders correctly 1`] = `
<View
  collapsable={false}
  pointerEvents="box-none"
  style={
    Object {
      "flex": 1,
    }
  }
>
  <View
    style={
      Array [
        Object {
          "marginVertical": 8,
        },
        undefined,
      ]
    }
    theme={
      Object {
        "animation": Object {
          "scale": 1,
        },
        "colors": Object {
          "accent": "#03dac4",
          "backdrop": "rgba(0, 0, 0, 0.5)",
          "background": "#f6f6f6",
          "disabled": "rgba(0, 0, 0, 0.26)",
          "error": "#B00020",
          "notification": "#f50057",
          "onSurface": "#000000",
          "placeholder": "rgba(0, 0, 0, 0.54)",
          "primary": "#6200ee",
          "surface": "#ffffff",
          "text": "#000000",
        },
        "dark": false,
        "fonts": Object {
          "light": Object {
            "fontFamily": "System",
            "fontWeight": "300",
          },
          "medium": Object {
            "fontFamily": "System",
            "fontWeight": "500",
          },
          "regular": Object {
            "fontFamily": "System",
            "fontWeight": "400",
          },
          "thin": Object {
            "fontFamily": "System",
            "fontWeight": "100",
          },
        },
        "roundness": 4,
      }
    }
  >
    <View
      style={
        Array [
          Object {
            "backgroundColor": "rgba(0, 0, 0, 0.12)",
            "height": 0.5,
          },
          undefined,
          undefined,
        ]
      }
    />
  </View>
  <View
    collapsable={false}
    pointerEvents="box-none"
    style={
      Object {
        "flex": 1,
      }
    }
  >
    <View />
  </View>
</View>
`;
